// Jest Snapshot v1, https://goo.gl/fbAQLP

exports[`SnapShot 1`] = `<addNumber />`;
